REGISTER sip:registrar.example.com SIP/2.0
Via: SIP/2.0/UDP pc33.example.com;branch=z9hG4bK776asdhds
Max-Forwards: 70
From: <sip:alice@example.com>;tag=1928301774
To: <sip:alice@example.com>
Call-ID: a84b4c76e66710@pc33.example.com
CSeq: 314159 REGISTER
Contact: <sip:alice@pc33.example.com>
Content-Length: 0

