<?xml version="1.0" encoding="UTF-8"?><Response><CmdType>RecordInfo</CmdType><SN>6</SN><DeviceID>34020000001320000001</DeviceID><Name>synthetic</Name><SumNum>1</SumNum><RecordList Num="1"><Item><DeviceID>34020000001320000001</DeviceID><StartTime>2026-07-21T00:00:00</StartTime><EndTime>2026-07-21T01:00:00</EndTime><Type>all</Type><FileSize>1000000</FileSize></Item></RecordList></Response>